Loading checkpoint from /home/jncsnlp3/SSD2/syy/aaai24_itr_cusa-main_07/CLIP_ViT-B32_finetune_ALL_LoraRank16_seed0.ckpt
Creating model...
Loading state dict (strict=False for LoRA compatibility)...
Model loaded: _IncompatibleKeys(missing_keys=['tau', 'cross_tau', 'cross_the_softlabel_tau', 'uni_tau_image', 'uni_tau_text', 'clip_model.positional_embedding', 'clip_model.text_projection', 'clip_model.visual.class_embedding', 'clip_model.visual.positional_embedding', 'clip_model.visual.proj', 'clip_model.visual.conv1.weight', 'clip_model.visual.ln_pre.weight', 'clip_model.visual.ln_pre.bias', 'clip_model.visual.transformer.resblocks.0.attn.in_proj_weight', 'clip_model.visual.transformer.resblocks.0.attn.in_proj_bias', 'clip_model.visual.transformer.resblocks.0.attn.out_proj.weight', 'clip_model.visual.transformer.resblocks.0.attn.out_proj.bias', 'clip_model.visual.transformer.resblocks.0.ln_1.weight', 'clip_model.visual.transformer.resblocks.0.ln_1.bias', 'clip_model.visual.transformer.resblocks.0.mlp.c_fc.weight', 'clip_model.visual.transformer.resblocks.0.mlp.c_fc.bias', 'clip_model.visual.transformer.resblocks.0.mlp.c_proj.weight', 'clip_model.visual.transformer.resblocks.0.mlp.c_proj.bias', 'clip_model.visual.transformer.resblocks.0.ln_2.weight', 'clip_model.visual.transformer.resblocks.0.ln_2.bias', 'clip_model.visual.transformer.resblocks.1.attn.in_proj_weight', 'clip_model.visual.transformer.resblocks.1.attn.in_proj_bias', 'clip_model.visual.transformer.resblocks.1.attn.out_proj.weight', 'clip_model.visual.transformer.resblocks.1.attn.out_proj.bias', 'clip_model.visual.transformer.resblocks.1.ln_1.weight', 'clip_model.visual.transformer.resblocks.1.ln_1.bias', 'clip_model.visual.transformer.resblocks.1.mlp.c_fc.weight', 'clip_model.visual.transformer.resblocks.1.mlp.c_fc.bias', 'clip_model.visual.transformer.resblocks.1.mlp.c_proj.weight', 'clip_model.visual.transformer.resblocks.1.mlp.c_proj.bias', 'clip_model.visual.transformer.resblocks.1.ln_2.weight', 'clip_model.visual.transformer.resblocks.1.ln_2.bias', 'clip_model.visual.transformer.resblocks.2.attn.in_proj_weight', 'clip_model.visual.transformer.resblocks.2.attn.in_proj_bias', 'clip_model.visual.transformer.resblocks.2.attn.out_proj.weight', 'clip_model.visual.transformer.resblocks.2.attn.out_proj.bias', 'clip_model.visual.transformer.resblocks.2.ln_1.weight', 'clip_model.visual.transformer.resblocks.2.ln_1.bias', 'clip_model.visual.transformer.resblocks.2.mlp.c_fc.weight', 'clip_model.visual.transformer.resblocks.2.mlp.c_fc.bias', 'clip_model.visual.transformer.resblocks.2.mlp.c_proj.weight', 'clip_model.visual.transformer.resblocks.2.mlp.c_proj.bias', 'clip_model.visual.transformer.resblocks.2.ln_2.weight', 'clip_model.visual.transformer.resblocks.2.ln_2.bias', 'clip_model.visual.transformer.resblocks.3.attn.in_proj_weight', 'clip_model.visual.transformer.resblocks.3.attn.in_proj_bias', 'clip_model.visual.transformer.resblocks.3.attn.out_proj.weight', 'clip_model.visual.transformer.resblocks.3.attn.out_proj.bias', 'clip_model.visual.transformer.resblocks.3.ln_1.weight', 'clip_model.visual.transformer.resblocks.3.ln_1.bias', 'clip_model.visual.transformer.resblocks.3.mlp.c_fc.weight', 'clip_model.visual.transformer.resblocks.3.mlp.c_fc.bias', 'clip_model.visual.transformer.resblocks.3.mlp.c_proj.weight', 'clip_model.visual.transformer.resblocks.3.mlp.c_proj.bias', 'clip_model.visual.transformer.resblocks.3.ln_2.weight', 'clip_model.visual.transformer.resblocks.3.ln_2.bias', 'clip_model.visual.transformer.resblocks.4.attn.in_proj_weight', 'clip_model.visual.transformer.resblocks.4.attn.in_proj_bias', 'clip_model.visual.transformer.resblocks.4.attn.out_proj.weight', 'clip_model.visual.transformer.resblocks.4.attn.out_proj.bias', 'clip_model.visual.transformer.resblocks.4.ln_1.weight', 'clip_model.visual.transformer.resblocks.4.ln_1.bias', 'clip_model.visual.transformer.resblocks.4.mlp.c_fc.weight', 'clip_model.visual.transformer.resblocks.4.mlp.c_fc.bias', 'clip_model.visual.transformer.resblocks.4.mlp.c_proj.weight', 'clip_model.visual.transformer.resblocks.4.mlp.c_proj.bias', 'clip_model.visual.transformer.resblocks.4.ln_2.weight', 'clip_model.visual.transformer.resblocks.4.ln_2.bias', 'clip_model.visual.transformer.resblocks.5.attn.in_proj_weight', 'clip_model.visual.transformer.resblocks.5.attn.in_proj_bias', 'clip_model.visual.transformer.resblocks.5.attn.out_proj.weight', 'clip_model.visual.transformer.resblocks.5.attn.out_proj.bias', 'clip_model.visual.transformer.resblocks.5.ln_1.weight', 'clip_model.visual.transformer.resblocks.5.ln_1.bias', 'clip_model.visual.transformer.resblocks.5.mlp.c_fc.weight', 'clip_model.visual.transformer.resblocks.5.mlp.c_fc.bias', 'clip_model.visual.transformer.resblocks.5.mlp.c_proj.weight', 'clip_model.visual.transformer.resblocks.5.mlp.c_proj.bias', 'clip_model.visual.transformer.resblocks.5.ln_2.weight', 'clip_model.visual.transformer.resblocks.5.ln_2.bias', 'clip_model.visual.transformer.resblocks.6.attn.in_proj_weight', 'clip_model.visual.transformer.resblocks.6.attn.in_proj_bias', 'clip_model.visual.transformer.resblocks.6.attn.out_proj.weight', 'clip_model.visual.transformer.resblocks.6.attn.out_proj.bias', 'clip_model.visual.transformer.resblocks.6.ln_1.weight', 'clip_model.visual.transformer.resblocks.6.ln_1.bias', 'clip_model.visual.transformer.resblocks.6.mlp.c_fc.weight', 'clip_model.visual.transformer.resblocks.6.mlp.c_fc.bias', 'clip_model.visual.transformer.resblocks.6.mlp.c_proj.weight', 'clip_model.visual.transformer.resblocks.6.mlp.c_proj.bias', 'clip_model.visual.transformer.resblocks.6.ln_2.weight', 'clip_model.visual.transformer.resblocks.6.ln_2.bias', 'clip_model.visual.transformer.resblocks.7.attn.in_proj_weight', 'clip_model.visual.transformer.resblocks.7.attn.in_proj_bias', 'clip_model.visual.transformer.resblocks.7.attn.out_proj.weight', 'clip_model.visual.transformer.resblocks.7.attn.out_proj.bias', 'clip_model.visual.transformer.resblocks.7.ln_1.weight', 'clip_model.visual.transformer.resblocks.7.ln_1.bias', 'clip_model.visual.transformer.resblocks.7.mlp.c_fc.weight', 'clip_model.visual.transformer.resblocks.7.mlp.c_fc.bias', 'clip_model.visual.transformer.resblocks.7.mlp.c_proj.weight', 'clip_model.visual.transformer.resblocks.7.mlp.c_proj.bias', 'clip_model.visual.transformer.resblocks.7.ln_2.weight', 'clip_model.visual.transformer.resblocks.7.ln_2.bias', 'clip_model.visual.transformer.resblocks.8.attn.in_proj_weight', 'clip_model.visual.transformer.resblocks.8.attn.in_proj_bias', 'clip_model.visual.transformer.resblocks.8.attn.out_proj.weight', 'clip_model.visual.transformer.resblocks.8.attn.out_proj.bias', 'clip_model.visual.transformer.resblocks.8.ln_1.weight', 'clip_model.visual.transformer.resblocks.8.ln_1.bias', 'clip_model.visual.transformer.resblocks.8.mlp.c_fc.weight', 'clip_model.visual.transformer.resblocks.8.mlp.c_fc.bias', 'clip_model.visual.transformer.resblocks.8.mlp.c_proj.weight', 'clip_model.visual.transformer.resblocks.8.mlp.c_proj.bias', 'clip_model.visual.transformer.resblocks.8.ln_2.weight', 'clip_model.visual.transformer.resblocks.8.ln_2.bias', 'clip_model.visual.transformer.resblocks.9.attn.in_proj_weight', 'clip_model.visual.transformer.resblocks.9.attn.in_proj_bias', 'clip_model.visual.transformer.resblocks.9.attn.out_proj.weight', 'clip_model.visual.transformer.resblocks.9.attn.out_proj.bias', 'clip_model.visual.transformer.resblocks.9.ln_1.weight', 'clip_model.visual.transformer.resblocks.9.ln_1.bias', 'clip_model.visual.transformer.resblocks.9.mlp.c_fc.weight', 'clip_model.visual.transformer.resblocks.9.mlp.c_fc.bias', 'clip_model.visual.transformer.resblocks.9.mlp.c_proj.weight', 'clip_model.visual.transformer.resblocks.9.mlp.c_proj.bias', 'clip_model.visual.transformer.resblocks.9.ln_2.weight', 'clip_model.visual.transformer.resblocks.9.ln_2.bias', 'clip_model.visual.transformer.resblocks.10.attn.in_proj_weight', 'clip_model.visual.transformer.resblocks.10.attn.in_proj_bias', 'clip_model.visual.transformer.resblocks.10.attn.out_proj.weight', 'clip_model.visual.transformer.resblocks.10.attn.out_proj.bias', 'clip_model.visual.transformer.resblocks.10.ln_1.weight', 'clip_model.visual.transformer.resblocks.10.ln_1.bias', 'clip_model.visual.transformer.resblocks.10.mlp.c_fc.weight', 'clip_model.visual.transformer.resblocks.10.mlp.c_fc.bias', 'clip_model.visual.transformer.resblocks.10.mlp.c_proj.weight', 'clip_model.visual.transformer.resblocks.10.mlp.c_proj.bias', 'clip_model.visual.transformer.resblocks.10.ln_2.weight', 'clip_model.visual.transformer.resblocks.10.ln_2.bias', 'clip_model.visual.transformer.resblocks.11.attn.in_proj_weight', 'clip_model.visual.transformer.resblocks.11.attn.in_proj_bias', 'clip_model.visual.transformer.resblocks.11.attn.out_proj.weight', 'clip_model.visual.transformer.resblocks.11.attn.out_proj.bias', 'clip_model.visual.transformer.resblocks.11.ln_1.weight', 'clip_model.visual.transformer.resblocks.11.ln_1.bias', 'clip_model.visual.transformer.resblocks.11.mlp.c_fc.weight', 'clip_model.visual.transformer.resblocks.11.mlp.c_fc.bias', 'clip_model.visual.transformer.resblocks.11.mlp.c_proj.weight', 'clip_model.visual.transformer.resblocks.11.mlp.c_proj.bias', 'clip_model.visual.transformer.resblocks.11.ln_2.weight', 'clip_model.visual.transformer.resblocks.11.ln_2.bias', 'clip_model.visual.ln_post.weight', 'clip_model.visual.ln_post.bias', 'clip_model.transformer.resblocks.0.attn.in_proj_weight', 'clip_model.transformer.resblocks.0.attn.in_proj_bias', 'clip_model.transformer.resblocks.0.attn.out_proj.weight', 'clip_model.transformer.resblocks.0.attn.out_proj.bias', 'clip_model.transformer.resblocks.0.ln_1.weight', 'clip_model.transformer.resblocks.0.ln_1.bias', 'clip_model.transformer.resblocks.0.mlp.c_fc.weight', 'clip_model.transformer.resblocks.0.mlp.c_fc.bias', 'clip_model.transformer.resblocks.0.mlp.c_proj.weight', 'clip_model.transformer.resblocks.0.mlp.c_proj.bias', 'clip_model.transformer.resblocks.0.ln_2.weight', 'clip_model.transformer.resblocks.0.ln_2.bias', 'clip_model.transformer.resblocks.1.attn.in_proj_weight', 'clip_model.transformer.resblocks.1.attn.in_proj_bias', 'clip_model.transformer.resblocks.1.attn.out_proj.weight', 'clip_model.transformer.resblocks.1.attn.out_proj.bias', 'clip_model.transformer.resblocks.1.ln_1.weight', 'clip_model.transformer.resblocks.1.ln_1.bias', 'clip_model.transformer.resblocks.1.mlp.c_fc.weight', 'clip_model.transformer.resblocks.1.mlp.c_fc.bias', 'clip_model.transformer.resblocks.1.mlp.c_proj.weight', 'clip_model.transformer.resblocks.1.mlp.c_proj.bias', 'clip_model.transformer.resblocks.1.ln_2.weight', 'clip_model.transformer.resblocks.1.ln_2.bias', 'clip_model.transformer.resblocks.2.attn.in_proj_weight', 'clip_model.transformer.resblocks.2.attn.in_proj_bias', 'clip_model.transformer.resblocks.2.attn.out_proj.weight', 'clip_model.transformer.resblocks.2.attn.out_proj.bias', 'clip_model.transformer.resblocks.2.ln_1.weight', 'clip_model.transformer.resblocks.2.ln_1.bias', 'clip_model.transformer.resblocks.2.mlp.c_fc.weight', 'clip_model.transformer.resblocks.2.mlp.c_fc.bias', 'clip_model.transformer.resblocks.2.mlp.c_proj.weight', 'clip_model.transformer.resblocks.2.mlp.c_proj.bias', 'clip_model.transformer.resblocks.2.ln_2.weight', 'clip_model.transformer.resblocks.2.ln_2.bias', 'clip_model.transformer.resblocks.3.attn.in_proj_weight', 'clip_model.transformer.resblocks.3.attn.in_proj_bias', 'clip_model.transformer.resblocks.3.attn.out_proj.weight', 'clip_model.transformer.resblocks.3.attn.out_proj.bias', 'clip_model.transformer.resblocks.3.ln_1.weight', 'clip_model.transformer.resblocks.3.ln_1.bias', 'clip_model.transformer.resblocks.3.mlp.c_fc.weight', 'clip_model.transformer.resblocks.3.mlp.c_fc.bias', 'clip_model.transformer.resblocks.3.mlp.c_proj.weight', 'clip_model.transformer.resblocks.3.mlp.c_proj.bias', 'clip_model.transformer.resblocks.3.ln_2.weight', 'clip_model.transformer.resblocks.3.ln_2.bias', 'clip_model.transformer.resblocks.4.attn.in_proj_weight', 'clip_model.transformer.resblocks.4.attn.in_proj_bias', 'clip_model.transformer.resblocks.4.attn.out_proj.weight', 'clip_model.transformer.resblocks.4.attn.out_proj.bias', 'clip_model.transformer.resblocks.4.ln_1.weight', 'clip_model.transformer.resblocks.4.ln_1.bias', 'clip_model.transformer.resblocks.4.mlp.c_fc.weight', 'clip_model.transformer.resblocks.4.mlp.c_fc.bias', 'clip_model.transformer.resblocks.4.mlp.c_proj.weight', 'clip_model.transformer.resblocks.4.mlp.c_proj.bias', 'clip_model.transformer.resblocks.4.ln_2.weight', 'clip_model.transformer.resblocks.4.ln_2.bias', 'clip_model.transformer.resblocks.5.attn.in_proj_weight', 'clip_model.transformer.resblocks.5.attn.in_proj_bias', 'clip_model.transformer.resblocks.5.attn.out_proj.weight', 'clip_model.transformer.resblocks.5.attn.out_proj.bias', 'clip_model.transformer.resblocks.5.ln_1.weight', 'clip_model.transformer.resblocks.5.ln_1.bias', 'clip_model.transformer.resblocks.5.mlp.c_fc.weight', 'clip_model.transformer.resblocks.5.mlp.c_fc.bias', 'clip_model.transformer.resblocks.5.mlp.c_proj.weight', 'clip_model.transformer.resblocks.5.mlp.c_proj.bias', 'clip_model.transformer.resblocks.5.ln_2.weight', 'clip_model.transformer.resblocks.5.ln_2.bias', 'clip_model.transformer.resblocks.6.attn.in_proj_weight', 'clip_model.transformer.resblocks.6.attn.in_proj_bias', 'clip_model.transformer.resblocks.6.attn.out_proj.weight', 'clip_model.transformer.resblocks.6.attn.out_proj.bias', 'clip_model.transformer.resblocks.6.ln_1.weight', 'clip_model.transformer.resblocks.6.ln_1.bias', 'clip_model.transformer.resblocks.6.mlp.c_fc.weight', 'clip_model.transformer.resblocks.6.mlp.c_fc.bias', 'clip_model.transformer.resblocks.6.mlp.c_proj.weight', 'clip_model.transformer.resblocks.6.mlp.c_proj.bias', 'clip_model.transformer.resblocks.6.ln_2.weight', 'clip_model.transformer.resblocks.6.ln_2.bias', 'clip_model.transformer.resblocks.7.attn.in_proj_weight', 'clip_model.transformer.resblocks.7.attn.in_proj_bias', 'clip_model.transformer.resblocks.7.attn.out_proj.weight', 'clip_model.transformer.resblocks.7.attn.out_proj.bias', 'clip_model.transformer.resblocks.7.ln_1.weight', 'clip_model.transformer.resblocks.7.ln_1.bias', 'clip_model.transformer.resblocks.7.mlp.c_fc.weight', 'clip_model.transformer.resblocks.7.mlp.c_fc.bias', 'clip_model.transformer.resblocks.7.mlp.c_proj.weight', 'clip_model.transformer.resblocks.7.mlp.c_proj.bias', 'clip_model.transformer.resblocks.7.ln_2.weight', 'clip_model.transformer.resblocks.7.ln_2.bias', 'clip_model.transformer.resblocks.8.attn.in_proj_weight', 'clip_model.transformer.resblocks.8.attn.in_proj_bias', 'clip_model.transformer.resblocks.8.attn.out_proj.weight', 'clip_model.transformer.resblocks.8.attn.out_proj.bias', 'clip_model.transformer.resblocks.8.ln_1.weight', 'clip_model.transformer.resblocks.8.ln_1.bias', 'clip_model.transformer.resblocks.8.mlp.c_fc.weight', 'clip_model.transformer.resblocks.8.mlp.c_fc.bias', 'clip_model.transformer.resblocks.8.mlp.c_proj.weight', 'clip_model.transformer.resblocks.8.mlp.c_proj.bias', 'clip_model.transformer.resblocks.8.ln_2.weight', 'clip_model.transformer.resblocks.8.ln_2.bias', 'clip_model.transformer.resblocks.9.attn.in_proj_weight', 'clip_model.transformer.resblocks.9.attn.in_proj_bias', 'clip_model.transformer.resblocks.9.attn.out_proj.weight', 'clip_model.transformer.resblocks.9.attn.out_proj.bias', 'clip_model.transformer.resblocks.9.ln_1.weight', 'clip_model.transformer.resblocks.9.ln_1.bias', 'clip_model.transformer.resblocks.9.mlp.c_fc.weight', 'clip_model.transformer.resblocks.9.mlp.c_fc.bias', 'clip_model.transformer.resblocks.9.mlp.c_proj.weight', 'clip_model.transformer.resblocks.9.mlp.c_proj.bias', 'clip_model.transformer.resblocks.9.ln_2.weight', 'clip_model.transformer.resblocks.9.ln_2.bias', 'clip_model.transformer.resblocks.10.attn.in_proj_weight', 'clip_model.transformer.resblocks.10.attn.in_proj_bias', 'clip_model.transformer.resblocks.10.attn.out_proj.weight', 'clip_model.transformer.resblocks.10.attn.out_proj.bias', 'clip_model.transformer.resblocks.10.ln_1.weight', 'clip_model.transformer.resblocks.10.ln_1.bias', 'clip_model.transformer.resblocks.10.mlp.c_fc.weight', 'clip_model.transformer.resblocks.10.mlp.c_fc.bias', 'clip_model.transformer.resblocks.10.mlp.c_proj.weight', 'clip_model.transformer.resblocks.10.mlp.c_proj.bias', 'clip_model.transformer.resblocks.10.ln_2.weight', 'clip_model.transformer.resblocks.10.ln_2.bias', 'clip_model.transformer.resblocks.11.attn.in_proj_weight', 'clip_model.transformer.resblocks.11.attn.in_proj_bias', 'clip_model.transformer.resblocks.11.attn.out_proj.weight', 'clip_model.transformer.resblocks.11.attn.out_proj.bias', 'clip_model.transformer.resblocks.11.ln_1.weight', 'clip_model.transformer.resblocks.11.ln_1.bias', 'clip_model.transformer.resblocks.11.mlp.c_fc.weight', 'clip_model.transformer.resblocks.11.mlp.c_fc.bias', 'clip_model.transformer.resblocks.11.mlp.c_proj.weight', 'clip_model.transformer.resblocks.11.mlp.c_proj.bias', 'clip_model.transformer.resblocks.11.ln_2.weight', 'clip_model.transformer.resblocks.11.ln_2.bias', 'clip_model.token_embedding.weight', 'clip_model.ln_final.weight', 'clip_model.ln_final.bias', 'ln_cross_image_projection.weight', 'ln_cross_image_projection.bias', 'ln_cross_text_projection.weight', 'ln_cross_text_projection.bias', 'cross_image_projection.weight', 'cross_image_projection.bias', 'cross_text_projection.weight', 'cross_text_projection.bias', 'ln_uni_image_projection.weight', 'ln_uni_image_projection.bias', 'ln_uni_text_projection.weight', 'ln_uni_text_projection.bias', 'uni_image_projection.weight', 'uni_image_projection.bias', 'uni_text_projection.weight', 'uni_text_projection.bias'], unexpected_keys=['positional_embedding', 'text_projection', 'logit_scale', 'logit_bias', 'visual.class_embedding', 'visual.positional_embedding', 'visual.proj', 'visual.conv1.weight', 'visual.conv1.lora_A', 'visual.conv1.lora_B', 'visual.ln_pre.weight', 'visual.ln_pre.bias', 'visual.transformer.resblocks.0.attn.in_proj_weight', 'visual.transformer.resblocks.0.attn.in_proj_weight_lora_A', 'visual.transformer.resblocks.0.attn.in_proj_weight_lora_B', 'visual.transformer.resblocks.0.attn.in_proj_bias', 'visual.transformer.resblocks.0.attn.out_proj.weight', 'visual.transformer.resblocks.0.attn.out_proj.bias', 'visual.transformer.resblocks.0.attn.out_proj.lora_A', 'visual.transformer.resblocks.0.attn.out_proj.lora_B', 'visual.transformer.resblocks.0.ln_1.weight', 'visual.transformer.resblocks.0.ln_1.bias', 'visual.transformer.resblocks.0.mlp.c_fc.weight', 'visual.transformer.resblocks.0.mlp.c_fc.bias', 'visual.transformer.resblocks.0.mlp.c_fc.lora_A', 'visual.transformer.resblocks.0.mlp.c_fc.lora_B', 'visual.transformer.resblocks.0.mlp.c_proj.weight', 'visual.transformer.resblocks.0.mlp.c_proj.bias', 'visual.transformer.resblocks.0.mlp.c_proj.lora_A', 'visual.transformer.resblocks.0.mlp.c_proj.lora_B', 'visual.transformer.resblocks.0.ln_2.weight', 'visual.transformer.resblocks.0.ln_2.bias', 'visual.transformer.resblocks.1.attn.in_proj_weight', 'visual.transformer.resblocks.1.attn.in_proj_weight_lora_A', 'visual.transformer.resblocks.1.attn.in_proj_weight_lora_B', 'visual.transformer.resblocks.1.attn.in_proj_bias', 'visual.transformer.resblocks.1.attn.out_proj.weight', 'visual.transformer.resblocks.1.attn.out_proj.bias', 'visual.transformer.resblocks.1.attn.out_proj.lora_A', 'visual.transformer.resblocks.1.attn.out_proj.lora_B', 'visual.transformer.resblocks.1.ln_1.weight', 'visual.transformer.resblocks.1.ln_1.bias', 'visual.transformer.resblocks.1.mlp.c_fc.weight', 'visual.transformer.resblocks.1.mlp.c_fc.bias', 'visual.transformer.resblocks.1.mlp.c_fc.lora_A', 'visual.transformer.resblocks.1.mlp.c_fc.lora_B', 'visual.transformer.resblocks.1.mlp.c_proj.weight', 'visual.transformer.resblocks.1.mlp.c_proj.bias', 'visual.transformer.resblocks.1.mlp.c_proj.lora_A', 'visual.transformer.resblocks.1.mlp.c_proj.lora_B', 'visual.transformer.resblocks.1.ln_2.weight', 'visual.transformer.resblocks.1.ln_2.bias', 'visual.transformer.resblocks.2.attn.in_proj_weight', 'visual.transformer.resblocks.2.attn.in_proj_weight_lora_A', 'visual.transformer.resblocks.2.attn.in_proj_weight_lora_B', 'visual.transformer.resblocks.2.attn.in_proj_bias', 'visual.transformer.resblocks.2.attn.out_proj.weight', 'visual.transformer.resblocks.2.attn.out_proj.bias', 'visual.transformer.resblocks.2.attn.out_proj.lora_A', 'visual.transformer.resblocks.2.attn.out_proj.lora_B', 'visual.transformer.resblocks.2.ln_1.weight', 'visual.transformer.resblocks.2.ln_1.bias', 'visual.transformer.resblocks.2.mlp.c_fc.weight', 'visual.transformer.resblocks.2.mlp.c_fc.bias', 'visual.transformer.resblocks.2.mlp.c_fc.lora_A', 'visual.transformer.resblocks.2.mlp.c_fc.lora_B', 'visual.transformer.resblocks.2.mlp.c_proj.weight', 'visual.transformer.resblocks.2.mlp.c_proj.bias', 'visual.transformer.resblocks.2.mlp.c_proj.lora_A', 'visual.transformer.resblocks.2.mlp.c_proj.lora_B', 'visual.transformer.resblocks.2.ln_2.weight', 'visual.transformer.resblocks.2.ln_2.bias', 'visual.transformer.resblocks.3.attn.in_proj_weight', 'visual.transformer.resblocks.3.attn.in_proj_weight_lora_A', 'visual.transformer.resblocks.3.attn.in_proj_weight_lora_B', 'visual.transformer.resblocks.3.attn.in_proj_bias', 'visual.transformer.resblocks.3.attn.out_proj.weight', 'visual.transformer.resblocks.3.attn.out_proj.bias', 'visual.transformer.resblocks.3.attn.out_proj.lora_A', 'visual.transformer.resblocks.3.attn.out_proj.lora_B', 'visual.transformer.resblocks.3.ln_1.weight', 'visual.transformer.resblocks.3.ln_1.bias', 'visual.transformer.resblocks.3.mlp.c_fc.weight', 'visual.transformer.resblocks.3.mlp.c_fc.bias', 'visual.transformer.resblocks.3.mlp.c_fc.lora_A', 'visual.transformer.resblocks.3.mlp.c_fc.lora_B', 'visual.transformer.resblocks.3.mlp.c_proj.weight', 'visual.transformer.resblocks.3.mlp.c_proj.bias', 'visual.transformer.resblocks.3.mlp.c_proj.lora_A', 'visual.transformer.resblocks.3.mlp.c_proj.lora_B', 'visual.transformer.resblocks.3.ln_2.weight', 'visual.transformer.resblocks.3.ln_2.bias', 'visual.transformer.resblocks.4.attn.in_proj_weight', 'visual.transformer.resblocks.4.attn.in_proj_weight_lora_A', 'visual.transformer.resblocks.4.attn.in_proj_weight_lora_B', 'visual.transformer.resblocks.4.attn.in_proj_bias', 'visual.transformer.resblocks.4.attn.out_proj.weight', 'visual.transformer.resblocks.4.attn.out_proj.bias', 'visual.transformer.resblocks.4.attn.out_proj.lora_A', 'visual.transformer.resblocks.4.attn.out_proj.lora_B', 'visual.transformer.resblocks.4.ln_1.weight', 'visual.transformer.resblocks.4.ln_1.bias', 'visual.transformer.resblocks.4.mlp.c_fc.weight', 'visual.transformer.resblocks.4.mlp.c_fc.bias', 'visual.transformer.resblocks.4.mlp.c_fc.lora_A', 'visual.transformer.resblocks.4.mlp.c_fc.lora_B', 'visual.transformer.resblocks.4.mlp.c_proj.weight', 'visual.transformer.resblocks.4.mlp.c_proj.bias', 'visual.transformer.resblocks.4.mlp.c_proj.lora_A', 'visual.transformer.resblocks.4.mlp.c_proj.lora_B', 'visual.transformer.resblocks.4.ln_2.weight', 'visual.transformer.resblocks.4.ln_2.bias', 'visual.transformer.resblocks.5.attn.in_proj_weight', 'visual.transformer.resblocks.5.attn.in_proj_weight_lora_A', 'visual.transformer.resblocks.5.attn.in_proj_weight_lora_B', 'visual.transformer.resblocks.5.attn.in_proj_bias', 'visual.transformer.resblocks.5.attn.out_proj.weight', 'visual.transformer.resblocks.5.attn.out_proj.bias', 'visual.transformer.resblocks.5.attn.out_proj.lora_A', 'visual.transformer.resblocks.5.attn.out_proj.lora_B', 'visual.transformer.resblocks.5.ln_1.weight', 'visual.transformer.resblocks.5.ln_1.bias', 'visual.transformer.resblocks.5.mlp.c_fc.weight', 'visual.transformer.resblocks.5.mlp.c_fc.bias', 'visual.transformer.resblocks.5.mlp.c_fc.lora_A', 'visual.transformer.resblocks.5.mlp.c_fc.lora_B', 'visual.transformer.resblocks.5.mlp.c_proj.weight', 'visual.transformer.resblocks.5.mlp.c_proj.bias', 'visual.transformer.resblocks.5.mlp.c_proj.lora_A', 'visual.transformer.resblocks.5.mlp.c_proj.lora_B', 'visual.transformer.resblocks.5.ln_2.weight', 'visual.transformer.resblocks.5.ln_2.bias', 'visual.transformer.resblocks.6.attn.in_proj_weight', 'visual.transformer.resblocks.6.attn.in_proj_weight_lora_A', 'visual.transformer.resblocks.6.attn.in_proj_weight_lora_B', 'visual.transformer.resblocks.6.attn.in_proj_bias', 'visual.transformer.resblocks.6.attn.out_proj.weight', 'visual.transformer.resblocks.6.attn.out_proj.bias', 'visual.transformer.resblocks.6.attn.out_proj.lora_A', 'visual.transformer.resblocks.6.attn.out_proj.lora_B', 'visual.transformer.resblocks.6.ln_1.weight', 'visual.transformer.resblocks.6.ln_1.bias', 'visual.transformer.resblocks.6.mlp.c_fc.weight', 'visual.transformer.resblocks.6.mlp.c_fc.bias', 'visual.transformer.resblocks.6.mlp.c_fc.lora_A', 'visual.transformer.resblocks.6.mlp.c_fc.lora_B', 'visual.transformer.resblocks.6.mlp.c_proj.weight', 'visual.transformer.resblocks.6.mlp.c_proj.bias', 'visual.transformer.resblocks.6.mlp.c_proj.lora_A', 'visual.transformer.resblocks.6.mlp.c_proj.lora_B', 'visual.transformer.resblocks.6.ln_2.weight', 'visual.transformer.resblocks.6.ln_2.bias', 'visual.transformer.resblocks.7.attn.in_proj_weight', 'visual.transformer.resblocks.7.attn.in_proj_weight_lora_A', 'visual.transformer.resblocks.7.attn.in_proj_weight_lora_B', 'visual.transformer.resblocks.7.attn.in_proj_bias', 'visual.transformer.resblocks.7.attn.out_proj.weight', 'visual.transformer.resblocks.7.attn.out_proj.bias', 'visual.transformer.resblocks.7.attn.out_proj.lora_A', 'visual.transformer.resblocks.7.attn.out_proj.lora_B', 'visual.transformer.resblocks.7.ln_1.weight', 'visual.transformer.resblocks.7.ln_1.bias', 'visual.transformer.resblocks.7.mlp.c_fc.weight', 'visual.transformer.resblocks.7.mlp.c_fc.bias', 'visual.transformer.resblocks.7.mlp.c_fc.lora_A', 'visual.transformer.resblocks.7.mlp.c_fc.lora_B', 'visual.transformer.resblocks.7.mlp.c_proj.weight', 'visual.transformer.resblocks.7.mlp.c_proj.bias', 'visual.transformer.resblocks.7.mlp.c_proj.lora_A', 'visual.transformer.resblocks.7.mlp.c_proj.lora_B', 'visual.transformer.resblocks.7.ln_2.weight', 'visual.transformer.resblocks.7.ln_2.bias', 'visual.transformer.resblocks.8.attn.in_proj_weight', 'visual.transformer.resblocks.8.attn.in_proj_weight_lora_A', 'visual.transformer.resblocks.8.attn.in_proj_weight_lora_B', 'visual.transformer.resblocks.8.attn.in_proj_bias', 'visual.transformer.resblocks.8.attn.out_proj.weight', 'visual.transformer.resblocks.8.attn.out_proj.bias', 'visual.transformer.resblocks.8.attn.out_proj.lora_A', 'visual.transformer.resblocks.8.attn.out_proj.lora_B', 'visual.transformer.resblocks.8.ln_1.weight', 'visual.transformer.resblocks.8.ln_1.bias', 'visual.transformer.resblocks.8.mlp.c_fc.weight', 'visual.transformer.resblocks.8.mlp.c_fc.bias', 'visual.transformer.resblocks.8.mlp.c_fc.lora_A', 'visual.transformer.resblocks.8.mlp.c_fc.lora_B', 'visual.transformer.resblocks.8.mlp.c_proj.weight', 'visual.transformer.resblocks.8.mlp.c_proj.bias', 'visual.transformer.resblocks.8.mlp.c_proj.lora_A', 'visual.transformer.resblocks.8.mlp.c_proj.lora_B', 'visual.transformer.resblocks.8.ln_2.weight', 'visual.transformer.resblocks.8.ln_2.bias', 'visual.transformer.resblocks.9.attn.in_proj_weight', 'visual.transformer.resblocks.9.attn.in_proj_weight_lora_A', 'visual.transformer.resblocks.9.attn.in_proj_weight_lora_B', 'visual.transformer.resblocks.9.attn.in_proj_bias', 'visual.transformer.resblocks.9.attn.out_proj.weight', 'visual.transformer.resblocks.9.attn.out_proj.bias', 'visual.transformer.resblocks.9.attn.out_proj.lora_A', 'visual.transformer.resblocks.9.attn.out_proj.lora_B', 'visual.transformer.resblocks.9.ln_1.weight', 'visual.transformer.resblocks.9.ln_1.bias', 'visual.transformer.resblocks.9.mlp.c_fc.weight', 'visual.transformer.resblocks.9.mlp.c_fc.bias', 'visual.transformer.resblocks.9.mlp.c_fc.lora_A', 'visual.transformer.resblocks.9.mlp.c_fc.lora_B', 'visual.transformer.resblocks.9.mlp.c_proj.weight', 'visual.transformer.resblocks.9.mlp.c_proj.bias', 'visual.transformer.resblocks.9.mlp.c_proj.lora_A', 'visual.transformer.resblocks.9.mlp.c_proj.lora_B', 'visual.transformer.resblocks.9.ln_2.weight', 'visual.transformer.resblocks.9.ln_2.bias', 'visual.transformer.resblocks.10.attn.in_proj_weight', 'visual.transformer.resblocks.10.attn.in_proj_weight_lora_A', 'visual.transformer.resblocks.10.attn.in_proj_weight_lora_B', 'visual.transformer.resblocks.10.attn.in_proj_bias', 'visual.transformer.resblocks.10.attn.out_proj.weight', 'visual.transformer.resblocks.10.attn.out_proj.bias', 'visual.transformer.resblocks.10.attn.out_proj.lora_A', 'visual.transformer.resblocks.10.attn.out_proj.lora_B', 'visual.transformer.resblocks.10.ln_1.weight', 'visual.transformer.resblocks.10.ln_1.bias', 'visual.transformer.resblocks.10.mlp.c_fc.weight', 'visual.transformer.resblocks.10.mlp.c_fc.bias', 'visual.transformer.resblocks.10.mlp.c_fc.lora_A', 'visual.transformer.resblocks.10.mlp.c_fc.lora_B', 'visual.transformer.resblocks.10.mlp.c_proj.weight', 'visual.transformer.resblocks.10.mlp.c_proj.bias', 'visual.transformer.resblocks.10.mlp.c_proj.lora_A', 'visual.transformer.resblocks.10.mlp.c_proj.lora_B', 'visual.transformer.resblocks.10.ln_2.weight', 'visual.transformer.resblocks.10.ln_2.bias', 'visual.transformer.resblocks.11.attn.in_proj_weight', 'visual.transformer.resblocks.11.attn.in_proj_weight_lora_A', 'visual.transformer.resblocks.11.attn.in_proj_weight_lora_B', 'visual.transformer.resblocks.11.attn.in_proj_bias', 'visual.transformer.resblocks.11.attn.out_proj.weight', 'visual.transformer.resblocks.11.attn.out_proj.bias', 'visual.transformer.resblocks.11.attn.out_proj.lora_A', 'visual.transformer.resblocks.11.attn.out_proj.lora_B', 'visual.transformer.resblocks.11.ln_1.weight', 'visual.transformer.resblocks.11.ln_1.bias', 'visual.transformer.resblocks.11.mlp.c_fc.weight', 'visual.transformer.resblocks.11.mlp.c_fc.bias', 'visual.transformer.resblocks.11.mlp.c_fc.lora_A', 'visual.transformer.resblocks.11.mlp.c_fc.lora_B', 'visual.transformer.resblocks.11.mlp.c_proj.weight', 'visual.transformer.resblocks.11.mlp.c_proj.bias', 'visual.transformer.resblocks.11.mlp.c_proj.lora_A', 'visual.transformer.resblocks.11.mlp.c_proj.lora_B', 'visual.transformer.resblocks.11.ln_2.weight', 'visual.transformer.resblocks.11.ln_2.bias', 'visual.ln_post.weight', 'visual.ln_post.bias', 'transformer.resblocks.0.attn.in_proj_weight', 'transformer.resblocks.0.attn.in_proj_weight_lora_A', 'transformer.resblocks.0.attn.in_proj_weight_lora_B', 'transformer.resblocks.0.attn.in_proj_bias', 'transformer.resblocks.0.attn.out_proj.weight', 'transformer.resblocks.0.attn.out_proj.bias', 'transformer.resblocks.0.attn.out_proj.lora_A', 'transformer.resblocks.0.attn.out_proj.lora_B', 'transformer.resblocks.0.ln_1.weight', 'transformer.resblocks.0.ln_1.bias', 'transformer.resblocks.0.mlp.c_fc.weight', 'transformer.resblocks.0.mlp.c_fc.bias', 'transformer.resblocks.0.mlp.c_fc.lora_A', 'transformer.resblocks.0.mlp.c_fc.lora_B', 'transformer.resblocks.0.mlp.c_proj.weight', 'transformer.resblocks.0.mlp.c_proj.bias', 'transformer.resblocks.0.mlp.c_proj.lora_A', 'transformer.resblocks.0.mlp.c_proj.lora_B', 'transformer.resblocks.0.ln_2.weight', 'transformer.resblocks.0.ln_2.bias', 'transformer.resblocks.1.attn.in_proj_weight', 'transformer.resblocks.1.attn.in_proj_weight_lora_A', 'transformer.resblocks.1.attn.in_proj_weight_lora_B', 'transformer.resblocks.1.attn.in_proj_bias', 'transformer.resblocks.1.attn.out_proj.weight', 'transformer.resblocks.1.attn.out_proj.bias', 'transformer.resblocks.1.attn.out_proj.lora_A', 'transformer.resblocks.1.attn.out_proj.lora_B', 'transformer.resblocks.1.ln_1.weight', 'transformer.resblocks.1.ln_1.bias', 'transformer.resblocks.1.mlp.c_fc.weight', 'transformer.resblocks.1.mlp.c_fc.bias', 'transformer.resblocks.1.mlp.c_fc.lora_A', 'transformer.resblocks.1.mlp.c_fc.lora_B', 'transformer.resblocks.1.mlp.c_proj.weight', 'transformer.resblocks.1.mlp.c_proj.bias', 'transformer.resblocks.1.mlp.c_proj.lora_A', 'transformer.resblocks.1.mlp.c_proj.lora_B', 'transformer.resblocks.1.ln_2.weight', 'transformer.resblocks.1.ln_2.bias', 'transformer.resblocks.2.attn.in_proj_weight', 'transformer.resblocks.2.attn.in_proj_weight_lora_A', 'transformer.resblocks.2.attn.in_proj_weight_lora_B', 'transformer.resblocks.2.attn.in_proj_bias', 'transformer.resblocks.2.attn.out_proj.weight', 'transformer.resblocks.2.attn.out_proj.bias', 'transformer.resblocks.2.attn.out_proj.lora_A', 'transformer.resblocks.2.attn.out_proj.lora_B', 'transformer.resblocks.2.ln_1.weight', 'transformer.resblocks.2.ln_1.bias', 'transformer.resblocks.2.mlp.c_fc.weight', 'transformer.resblocks.2.mlp.c_fc.bias', 'transformer.resblocks.2.mlp.c_fc.lora_A', 'transformer.resblocks.2.mlp.c_fc.lora_B', 'transformer.resblocks.2.mlp.c_proj.weight', 'transformer.resblocks.2.mlp.c_proj.bias', 'transformer.resblocks.2.mlp.c_proj.lora_A', 'transformer.resblocks.2.mlp.c_proj.lora_B', 'transformer.resblocks.2.ln_2.weight', 'transformer.resblocks.2.ln_2.bias', 'transformer.resblocks.3.attn.in_proj_weight', 'transformer.resblocks.3.attn.in_proj_weight_lora_A', 'transformer.resblocks.3.attn.in_proj_weight_lora_B', 'transformer.resblocks.3.attn.in_proj_bias', 'transformer.resblocks.3.attn.out_proj.weight', 'transformer.resblocks.3.attn.out_proj.bias', 'transformer.resblocks.3.attn.out_proj.lora_A', 'transformer.resblocks.3.attn.out_proj.lora_B', 'transformer.resblocks.3.ln_1.weight', 'transformer.resblocks.3.ln_1.bias', 'transformer.resblocks.3.mlp.c_fc.weight', 'transformer.resblocks.3.mlp.c_fc.bias', 'transformer.resblocks.3.mlp.c_fc.lora_A', 'transformer.resblocks.3.mlp.c_fc.lora_B', 'transformer.resblocks.3.mlp.c_proj.weight', 'transformer.resblocks.3.mlp.c_proj.bias', 'transformer.resblocks.3.mlp.c_proj.lora_A', 'transformer.resblocks.3.mlp.c_proj.lora_B', 'transformer.resblocks.3.ln_2.weight', 'transformer.resblocks.3.ln_2.bias', 'transformer.resblocks.4.attn.in_proj_weight', 'transformer.resblocks.4.attn.in_proj_weight_lora_A', 'transformer.resblocks.4.attn.in_proj_weight_lora_B', 'transformer.resblocks.4.attn.in_proj_bias', 'transformer.resblocks.4.attn.out_proj.weight', 'transformer.resblocks.4.attn.out_proj.bias', 'transformer.resblocks.4.attn.out_proj.lora_A', 'transformer.resblocks.4.attn.out_proj.lora_B', 'transformer.resblocks.4.ln_1.weight', 'transformer.resblocks.4.ln_1.bias', 'transformer.resblocks.4.mlp.c_fc.weight', 'transformer.resblocks.4.mlp.c_fc.bias', 'transformer.resblocks.4.mlp.c_fc.lora_A', 'transformer.resblocks.4.mlp.c_fc.lora_B', 'transformer.resblocks.4.mlp.c_proj.weight', 'transformer.resblocks.4.mlp.c_proj.bias', 'transformer.resblocks.4.mlp.c_proj.lora_A', 'transformer.resblocks.4.mlp.c_proj.lora_B', 'transformer.resblocks.4.ln_2.weight', 'transformer.resblocks.4.ln_2.bias', 'transformer.resblocks.5.attn.in_proj_weight', 'transformer.resblocks.5.attn.in_proj_weight_lora_A', 'transformer.resblocks.5.attn.in_proj_weight_lora_B', 'transformer.resblocks.5.attn.in_proj_bias', 'transformer.resblocks.5.attn.out_proj.weight', 'transformer.resblocks.5.attn.out_proj.bias', 'transformer.resblocks.5.attn.out_proj.lora_A', 'transformer.resblocks.5.attn.out_proj.lora_B', 'transformer.resblocks.5.ln_1.weight', 'transformer.resblocks.5.ln_1.bias', 'transformer.resblocks.5.mlp.c_fc.weight', 'transformer.resblocks.5.mlp.c_fc.bias', 'transformer.resblocks.5.mlp.c_fc.lora_A', 'transformer.resblocks.5.mlp.c_fc.lora_B', 'transformer.resblocks.5.mlp.c_proj.weight', 'transformer.resblocks.5.mlp.c_proj.bias', 'transformer.resblocks.5.mlp.c_proj.lora_A', 'transformer.resblocks.5.mlp.c_proj.lora_B', 'transformer.resblocks.5.ln_2.weight', 'transformer.resblocks.5.ln_2.bias', 'transformer.resblocks.6.attn.in_proj_weight', 'transformer.resblocks.6.attn.in_proj_weight_lora_A', 'transformer.resblocks.6.attn.in_proj_weight_lora_B', 'transformer.resblocks.6.attn.in_proj_bias', 'transformer.resblocks.6.attn.out_proj.weight', 'transformer.resblocks.6.attn.out_proj.bias', 'transformer.resblocks.6.attn.out_proj.lora_A', 'transformer.resblocks.6.attn.out_proj.lora_B', 'transformer.resblocks.6.ln_1.weight', 'transformer.resblocks.6.ln_1.bias', 'transformer.resblocks.6.mlp.c_fc.weight', 'transformer.resblocks.6.mlp.c_fc.bias', 'transformer.resblocks.6.mlp.c_fc.lora_A', 'transformer.resblocks.6.mlp.c_fc.lora_B', 'transformer.resblocks.6.mlp.c_proj.weight', 'transformer.resblocks.6.mlp.c_proj.bias', 'transformer.resblocks.6.mlp.c_proj.lora_A', 'transformer.resblocks.6.mlp.c_proj.lora_B', 'transformer.resblocks.6.ln_2.weight', 'transformer.resblocks.6.ln_2.bias', 'transformer.resblocks.7.attn.in_proj_weight', 'transformer.resblocks.7.attn.in_proj_weight_lora_A', 'transformer.resblocks.7.attn.in_proj_weight_lora_B', 'transformer.resblocks.7.attn.in_proj_bias', 'transformer.resblocks.7.attn.out_proj.weight', 'transformer.resblocks.7.attn.out_proj.bias', 'transformer.resblocks.7.attn.out_proj.lora_A', 'transformer.resblocks.7.attn.out_proj.lora_B', 'transformer.resblocks.7.ln_1.weight', 'transformer.resblocks.7.ln_1.bias', 'transformer.resblocks.7.mlp.c_fc.weight', 'transformer.resblocks.7.mlp.c_fc.bias', 'transformer.resblocks.7.mlp.c_fc.lora_A', 'transformer.resblocks.7.mlp.c_fc.lora_B', 'transformer.resblocks.7.mlp.c_proj.weight', 'transformer.resblocks.7.mlp.c_proj.bias', 'transformer.resblocks.7.mlp.c_proj.lora_A', 'transformer.resblocks.7.mlp.c_proj.lora_B', 'transformer.resblocks.7.ln_2.weight', 'transformer.resblocks.7.ln_2.bias', 'transformer.resblocks.8.attn.in_proj_weight', 'transformer.resblocks.8.attn.in_proj_weight_lora_A', 'transformer.resblocks.8.attn.in_proj_weight_lora_B', 'transformer.resblocks.8.attn.in_proj_bias', 'transformer.resblocks.8.attn.out_proj.weight', 'transformer.resblocks.8.attn.out_proj.bias', 'transformer.resblocks.8.attn.out_proj.lora_A', 'transformer.resblocks.8.attn.out_proj.lora_B', 'transformer.resblocks.8.ln_1.weight', 'transformer.resblocks.8.ln_1.bias', 'transformer.resblocks.8.mlp.c_fc.weight', 'transformer.resblocks.8.mlp.c_fc.bias', 'transformer.resblocks.8.mlp.c_fc.lora_A', 'transformer.resblocks.8.mlp.c_fc.lora_B', 'transformer.resblocks.8.mlp.c_proj.weight', 'transformer.resblocks.8.mlp.c_proj.bias', 'transformer.resblocks.8.mlp.c_proj.lora_A', 'transformer.resblocks.8.mlp.c_proj.lora_B', 'transformer.resblocks.8.ln_2.weight', 'transformer.resblocks.8.ln_2.bias', 'transformer.resblocks.9.attn.in_proj_weight', 'transformer.resblocks.9.attn.in_proj_weight_lora_A', 'transformer.resblocks.9.attn.in_proj_weight_lora_B', 'transformer.resblocks.9.attn.in_proj_bias', 'transformer.resblocks.9.attn.out_proj.weight', 'transformer.resblocks.9.attn.out_proj.bias', 'transformer.resblocks.9.attn.out_proj.lora_A', 'transformer.resblocks.9.attn.out_proj.lora_B', 'transformer.resblocks.9.ln_1.weight', 'transformer.resblocks.9.ln_1.bias', 'transformer.resblocks.9.mlp.c_fc.weight', 'transformer.resblocks.9.mlp.c_fc.bias', 'transformer.resblocks.9.mlp.c_fc.lora_A', 'transformer.resblocks.9.mlp.c_fc.lora_B', 'transformer.resblocks.9.mlp.c_proj.weight', 'transformer.resblocks.9.mlp.c_proj.bias', 'transformer.resblocks.9.mlp.c_proj.lora_A', 'transformer.resblocks.9.mlp.c_proj.lora_B', 'transformer.resblocks.9.ln_2.weight', 'transformer.resblocks.9.ln_2.bias', 'transformer.resblocks.10.attn.in_proj_weight', 'transformer.resblocks.10.attn.in_proj_weight_lora_A', 'transformer.resblocks.10.attn.in_proj_weight_lora_B', 'transformer.resblocks.10.attn.in_proj_bias', 'transformer.resblocks.10.attn.out_proj.weight', 'transformer.resblocks.10.attn.out_proj.bias', 'transformer.resblocks.10.attn.out_proj.lora_A', 'transformer.resblocks.10.attn.out_proj.lora_B', 'transformer.resblocks.10.ln_1.weight', 'transformer.resblocks.10.ln_1.bias', 'transformer.resblocks.10.mlp.c_fc.weight', 'transformer.resblocks.10.mlp.c_fc.bias', 'transformer.resblocks.10.mlp.c_fc.lora_A', 'transformer.resblocks.10.mlp.c_fc.lora_B', 'transformer.resblocks.10.mlp.c_proj.weight', 'transformer.resblocks.10.mlp.c_proj.bias', 'transformer.resblocks.10.mlp.c_proj.lora_A', 'transformer.resblocks.10.mlp.c_proj.lora_B', 'transformer.resblocks.10.ln_2.weight', 'transformer.resblocks.10.ln_2.bias', 'transformer.resblocks.11.attn.in_proj_weight', 'transformer.resblocks.11.attn.in_proj_weight_lora_A', 'transformer.resblocks.11.attn.in_proj_weight_lora_B', 'transformer.resblocks.11.attn.in_proj_bias', 'transformer.resblocks.11.attn.out_proj.weight', 'transformer.resblocks.11.attn.out_proj.bias', 'transformer.resblocks.11.attn.out_proj.lora_A', 'transformer.resblocks.11.attn.out_proj.lora_B', 'transformer.resblocks.11.ln_1.weight', 'transformer.resblocks.11.ln_1.bias', 'transformer.resblocks.11.mlp.c_fc.weight', 'transformer.resblocks.11.mlp.c_fc.bias', 'transformer.resblocks.11.mlp.c_fc.lora_A', 'transformer.resblocks.11.mlp.c_fc.lora_B', 'transformer.resblocks.11.mlp.c_proj.weight', 'transformer.resblocks.11.mlp.c_proj.bias', 'transformer.resblocks.11.mlp.c_proj.lora_A', 'transformer.resblocks.11.mlp.c_proj.lora_B', 'transformer.resblocks.11.ln_2.weight', 'transformer.resblocks.11.ln_2.bias', 'token_embedding.weight', 'ln_final.weight', 'ln_final.bias'])

================================================================================
Testing on Attribute dataset...
================================================================================
Encoding text:   0%|          | 0/4 [00:00<?, ?it/s]Encoding text:  25%|██▌       | 1/4 [00:00<00:02,  1.08it/s]Encoding text:  50%|█████     | 2/4 [00:01<00:00,  2.19it/s]Encoding text:  75%|███████▌  | 3/4 [00:01<00:00,  3.26it/s]Encoding text: 100%|██████████| 4/4 [00:01<00:00,  4.32it/s]Encoding text: 100%|██████████| 4/4 [00:01<00:00,  3.08it/s]
Encoding text neg:   0%|          | 0/4 [00:00<?, ?it/s]Encoding text neg:  25%|██▌       | 1/4 [00:00<00:00,  8.01it/s]Encoding text neg:  50%|█████     | 2/4 [00:00<00:00,  7.97it/s]Encoding text neg:  75%|███████▌  | 3/4 [00:00<00:00,  7.96it/s]Encoding text neg: 100%|██████████| 4/4 [00:00<00:00,  8.25it/s]Encoding text neg: 100%|██████████| 4/4 [00:00<00:00,  8.14it/s]
Encoding images:   0%|          | 0/6 [00:00<?, ?it/s]Encoding images:  17%|█▋        | 1/6 [00:03<00:16,  3.28s/it]Encoding images:  33%|███▎      | 2/6 [00:03<00:05,  1.45s/it]Encoding images:  50%|█████     | 3/6 [00:03<00:02,  1.16it/s]Encoding images:  67%|██████▋   | 4/6 [00:03<00:01,  1.71it/s]Encoding images:  83%|████████▎ | 5/6 [00:03<00:00,  2.32it/s]Encoding images: 100%|██████████| 6/6 [00:04<00:00,  1.48it/s]
txt neg acc: 49.00%
img neg acc: 54.90%
Image-to-Text: R@1=0.16, R@5=0.47, R@10=1.40, R@50=5.75
Text-to-Image: R@1=0.00, R@5=0.40, R@10=1.00, R@50=7.70
Mean: 2.11

================================================================================
Testing on Object dataset...
================================================================================
Encoding text:   0%|          | 0/4 [00:00<?, ?it/s]Encoding text:  25%|██▌       | 1/4 [00:00<00:00,  7.83it/s]Encoding text:  50%|█████     | 2/4 [00:00<00:00,  7.54it/s]Encoding text:  75%|███████▌  | 3/4 [00:00<00:00,  7.45it/s]Encoding text: 100%|██████████| 4/4 [00:00<00:00,  7.74it/s]Encoding text: 100%|██████████| 4/4 [00:00<00:00,  7.67it/s]
Encoding text neg:   0%|          | 0/4 [00:00<?, ?it/s]Encoding text neg:  25%|██▌       | 1/4 [00:00<00:00,  7.42it/s]Encoding text neg:  50%|█████     | 2/4 [00:00<00:00,  7.60it/s]Encoding text neg:  75%|███████▌  | 3/4 [00:00<00:00,  7.68it/s]Encoding text neg: 100%|██████████| 4/4 [00:00<00:00,  8.02it/s]Encoding text neg: 100%|██████████| 4/4 [00:00<00:00,  7.86it/s]
Encoding images:   0%|          | 0/2 [00:00<?, ?it/s]Encoding images:  50%|█████     | 1/2 [00:02<00:02,  2.27s/it]Encoding images: 100%|██████████| 2/2 [00:02<00:00,  1.00it/s]Encoding images: 100%|██████████| 2/2 [00:02<00:00,  1.22s/it]
txt neg acc: 58.20%
img neg acc: 55.70%
Image-to-Text: R@1=0.00, R@5=1.19, R@10=5.36, R@50=19.05
Text-to-Image: R@1=1.30, R@5=3.50, R@10=6.60, R@50=27.30
Mean: 8.04

================================================================================
Testing on Relation dataset...
================================================================================
Encoding text:   0%|          | 0/4 [00:00<?, ?it/s]Encoding text:  25%|██▌       | 1/4 [00:00<00:00,  7.88it/s]Encoding text:  50%|█████     | 2/4 [00:00<00:00,  7.83it/s]Encoding text:  75%|███████▌  | 3/4 [00:00<00:00,  7.79it/s]Encoding text: 100%|██████████| 4/4 [00:00<00:00,  8.05it/s]Encoding text: 100%|██████████| 4/4 [00:00<00:00,  7.96it/s]
Encoding text neg:   0%|          | 0/4 [00:00<?, ?it/s]Encoding text neg:  25%|██▌       | 1/4 [00:00<00:00,  7.76it/s]Encoding text neg:  50%|█████     | 2/4 [00:00<00:00,  7.82it/s]Encoding text neg:  75%|███████▌  | 3/4 [00:00<00:00,  7.87it/s]Encoding text neg: 100%|██████████| 4/4 [00:00<00:00,  8.18it/s]Encoding text neg: 100%|██████████| 4/4 [00:00<00:00,  8.05it/s]
Encoding images:   0%|          | 0/4 [00:00<?, ?it/s]Encoding images:  25%|██▌       | 1/4 [00:02<00:06,  2.28s/it]Encoding images:  50%|█████     | 2/4 [00:02<00:02,  1.03s/it]Encoding images:  75%|███████▌  | 3/4 [00:02<00:00,  1.57it/s]Encoding images: 100%|██████████| 4/4 [00:02<00:00,  1.45it/s]
txt neg acc: 49.00%
img neg acc: 53.40%
Image-to-Text: R@1=0.49, R@5=1.22, R@10=2.20, R@50=11.22
Text-to-Image: R@1=0.20, R@5=1.50, R@10=2.90, R@50=13.60
Mean: 4.17

==========================================================================================
FINAL RESULTS SUMMARY
==========================================================================================
Dataset         txt_neg_acc     img_neg_acc     R@1      R@5      R@10     R@50     Mean    
------------------------------------------------------------------------------------------
Attribute       49.00           54.90           0.16     0.47     1.40     5.75     2.11    
Object          58.20           55.70           0.00     1.19     5.36     19.05    8.04    
Relation        49.00           53.40           0.49     1.22     2.20     11.22    4.17    
==========================================================================================
